******************************************************************************
                  TI ARM Linker PC v20.2.5                     
******************************************************************************
>> Linked Mon Dec  6 16:58:04 2021

OUTPUT FILE NAME:   <Project_Darshil.out>
ENTRY POINT SYMBOL: "_c_int00_noargs"  address: 00001b61


MEMORY CONFIGURATION

         name            origin    length      used     unused   attr    fill
----------------------  --------  ---------  --------  --------  ----  --------
  FLASH                 00000000   00040000  00001c26  0003e3da  R  X
  SRAM                  20000000   00008000  00002db5  0000524b  RW X


SEGMENT ALLOCATION MAP

run origin  load origin   length   init length attrs members
----------  ----------- ---------- ----------- ----- -------
00000000    00000000    00001c28   00001c28    r-x
  00000000    00000000    0000026c   0000026c    r-- .intvecs
  0000026c    0000026c    00001966   00001966    r-x .text
  00001bd2    00001bd2    0000001c   0000001c    r-- .const
  00001bf0    00001bf0    00000038   00000038    r-- .cinit
20000000    20000000    00002db9   00000000    rw-
  20000000    20000000    00001d04   00000000    rw- .bss
  20001d08    20001d08    00001000   00000000    rw- .stack
  20002d08    20002d08    000000b1   00000000    rw- .data


SECTION ALLOCATION MAP

 output                                  attributes/
section   page    origin      length       input sections
--------  ----  ----------  ----------   ----------------
.intvecs   0    00000000    0000026c     
                  00000000    0000026c     tm4c123gh6pm_startup_ccs.obj (.intvecs)

.text      0    0000026c    00001966     
                  0000026c    00001500     Shah_Darshil_Hareshkumar_1001959531.obj (.text)
                  0000176c    00000230     uart0.obj (.text)
                  0000199c    0000009c     rtsv7M4_T_le_v4SPD16_eabi.lib : memcpy_t2.asm.obj (.text)
                  00001a38    0000007a                                   : memset_t2.asm.obj (.text)
                  00001ab2    00000068                                   : copy_decompress_lzss.c.obj (.text:decompress:lzss:__TI_decompress_lzss)
                  00001b1a    00000002     --HOLE-- [fill = 0]
                  00001b1c    00000044                                   : autoinit.c.obj (.text:__TI_auto_init_nobinit_nopinit:__TI_auto_init_nobinit_nopinit)
                  00001b60    00000034                                   : boot_cortex_m.c.obj (.text:_c_int00_noargs:_c_int00_noargs)
                  00001b94    00000010     clock.obj (.text)
                  00001ba4    0000000e     rtsv7M4_T_le_v4SPD16_eabi.lib : copy_decompress_none.c.obj (.text:decompress:none:__TI_decompress_none)
                  00001bb2    0000000c                                   : copy_zero_init.c.obj (.text:decompress:ZI:__TI_zero_init)
                  00001bbe    0000000c     tm4c123gh6pm_startup_ccs.obj (.text)
                  00001bca    00000004     rtsv7M4_T_le_v4SPD16_eabi.lib : pre_init.c.obj (.text:_system_pre_init)
                  00001bce    00000004                                   : exit.c.obj (.text:abort:abort)

.const     0    00001bd2    0000001c     
                  00001bd2    00000004     Shah_Darshil_Hareshkumar_1001959531.obj (.const:.string:$P$T1$7)
                  00001bd6    00000004     Shah_Darshil_Hareshkumar_1001959531.obj (.const:.string:$P$T3$9)
                  00001bda    00000004     Shah_Darshil_Hareshkumar_1001959531.obj (.const:.string:$P$T5$11)
                  00001bde    00000004     Shah_Darshil_Hareshkumar_1001959531.obj (.const:.string:$P$T7$13)
                  00001be2    00000003     Shah_Darshil_Hareshkumar_1001959531.obj (.const:.string:$P$T0$6)
                  00001be5    00000003     Shah_Darshil_Hareshkumar_1001959531.obj (.const:.string:$P$T2$8)
                  00001be8    00000003     Shah_Darshil_Hareshkumar_1001959531.obj (.const:.string:$P$T4$10)
                  00001beb    00000003     Shah_Darshil_Hareshkumar_1001959531.obj (.const:.string:$P$T6$12)

.cinit     0    00001bf0    00000038     
                  00001bf0    00000012     (.cinit..data.load) [load image, compression = lzss]
                  00001c02    00000002     --HOLE-- [fill = 0]
                  00001c04    0000000c     (__TI_handler_table)
                  00001c10    00000008     (.cinit..bss.load) [load image, compression = zero_init]
                  00001c18    00000010     (__TI_cinit_table)

.init_array 
*          0    00000000    00000000     UNINITIALIZED

.bss       0    20000000    00001d04     UNINITIALIZED
                  20000000    00001ce4     (.common:TX485MESSAGE)
                  20001ce4    00000014     (.common:d)
                  20001cf8    00000006     Shah_Darshil_Hareshkumar_1001959531.obj (.bss)
                  20001cfe    00000001     (.common:ReadIndex)
                  20001cff    00000001     (.common:ackEnabled)
                  20001d00    00000001     (.common:alertEnabled)
                  20001d01    00000001     (.common:csEnabled)
                  20001d02    00000001     (.common:randomEnabled)
                  20001d03    00000001     (.common:v)

.data      0    20002d08    000000b1     UNINITIALIZED
                  20002d08    00000050     Shah_Darshil_Hareshkumar_1001959531.obj (.data:rxdata)
                  20002d58    00000050     Shah_Darshil_Hareshkumar_1001959531.obj (.data:value)
                  20002da8    00000011     Shah_Darshil_Hareshkumar_1001959531.obj (.data)

.stack     0    20001d08    00001000     UNINITIALIZED
                  20001d08    00000004     rtsv7M4_T_le_v4SPD16_eabi.lib : boot_cortex_m.c.obj (.stack)
                  20001d0c    00000ffc     --HOLE--

__llvm_prf_cnts 
*          0    20000000    00000000     UNINITIALIZED

MODULE SUMMARY

       Module                                    code   ro data   rw data
       ------                                    ----   -------   -------
    .\
       Shah_Darshil_Hareshkumar_1001959531.obj   5376   28        7605   
       tm4c123gh6pm_startup_ccs.obj              12     620       0      
       uart0.obj                                 560    0         0      
       clock.obj                                 16     0         0      
    +--+-----------------------------------------+------+---------+---------+
       Total:                                    5964   648       7605   
                                                                         
    C:\ti\ccs1040\ccs\tools\compiler\ti-cgt-arm_20.2.5.LTS\lib\rtsv7M4_T_le_v4SPD16_eabi.lib
       memcpy_t2.asm.obj                         156    0         0      
       memset_t2.asm.obj                         122    0         0      
       copy_decompress_lzss.c.obj                104    0         0      
       autoinit.c.obj                            68     0         0      
       boot_cortex_m.c.obj                       52     0         0      
       copy_decompress_none.c.obj                14     0         0      
       copy_zero_init.c.obj                      12     0         0      
       exit.c.obj                                4      0         0      
       pre_init.c.obj                            4      0         0      
    +--+-----------------------------------------+------+---------+---------+
       Total:                                    536    0         0      
                                                                         
       Stack:                                    0      0         4096   
       Linker Generated:                         0      54        0      
    +--+-----------------------------------------+------+---------+---------+
       Grand Total:                              6500   702       11701  


LINKER GENERATED COPY TABLES

__TI_cinit_table @ 00001c18 records: 2, size/record: 8, table size: 16
	.data: load addr=00001bf0, load size=00000012 bytes, run addr=20002d08, run size=000000b1 bytes, compression=lzss
	.bss: load addr=00001c10, load size=00000008 bytes, run addr=20000000, run size=00001d04 bytes, compression=zero_init


LINKER GENERATED HANDLER TABLE

__TI_handler_table @ 00001c04 records: 3, size/record: 4, table size: 12
	index: 0, handler: __TI_decompress_lzss
	index: 1, handler: __TI_decompress_none
	index: 2, handler: __TI_zero_init


GLOBAL SYMBOLS: SORTED ALPHABETICALLY BY Name 

address   name                          
-------   ----                          
0000069d  Acknowledgemsg                
00001bcf  C$$EXIT                       
20001cfe  ReadIndex                     
00001bbf  ResetISR                      
20002daf  SRC_ADD                       
20000000  TX485MESSAGE                  
00000a4d  Timer1Isr                     
00000919  Uart0_Isr                     
00000971  Uart1_Isr                     
20002db7  WriteIndex                    
20002d08  __STACK_END                   
00001000  __STACK_SIZE                  
20001f08  __STACK_TOP                   
00001c18  __TI_CINIT_Base               
00001c28  __TI_CINIT_Limit              
00001c04  __TI_Handler_Table_Base       
00001c10  __TI_Handler_Table_Limit      
00001b1d  __TI_auto_init_nobinit_nopinit
00001ab3  __TI_decompress_lzss          
00001ba5  __TI_decompress_none          
ffffffff  __TI_pprof_out_hndl           
ffffffff  __TI_prof_data_size           
ffffffff  __TI_prof_data_start          
00000000  __TI_static_base__            
00001bb3  __TI_zero_init                
00001a39  __aeabi_memclr                
00001a39  __aeabi_memclr4               
00001a39  __aeabi_memclr8               
0000199d  __aeabi_memcpy                
0000199d  __aeabi_memcpy4               
0000199d  __aeabi_memcpy8               
00001a3b  __aeabi_memset                
00001a3b  __aeabi_memset4               
00001a3b  __aeabi_memset8               
ffffffff  __binit__                     
ffffffff  __c_args__                    
UNDEFED   __mpu_init                    
20001d08  __stack                       
20000000  __start___llvm_prf_cnts       
20000000  __stop___llvm_prf_cnts        
00001b61  _c_int00_noargs               
UNDEFED   _system_post_cinit            
00001bcb  _system_pre_init              
00001bcf  abort                         
20001cff  ackEnabled                    
20002db6  address                       
20001d00  alertEnabled                  
ffffffff  binit                         
20002db0  check_temp                    
000006d1  checksum_check                
20001d01  csEnabled                     
20001ce4  d                             
20002da8  flagGreen                     
00000000  g_pfnVectors                  
00000fe1  getFieldInteger               
00000fb1  getFieldString                
00001907  getcUart0                     
00000bd1  getsUart0                     
00000497  greenFlag                     
00000a91  initHw                        
00001b95  initSystemClockTo40Mhz        
0000176d  initUart0                     
000017f5  initUart1                     
00000eeb  isCommand                     
0000191b  kbhitUart0                    
0000103b  main                          
0000199d  memcpy                        
00001a41  memset                        
20002daa  message_in_progress           
20002dac  message_phase                 
20000000  my_na                         
20002db1  number                        
00000d09  parseFields                   
0000076d  processmsg                    
000018c7  putcUart0                     
000018e3  putsUart0                     
20001d02  randomEnabled                 
000004ad  redFlag                       
20002d08  rxdata                        
20002dae  rxphase                       
000004dd  send_RS_485                   
000008c1  send_UI_message               
0000026d  send_rs_485_byte              
00001887  setUart0BaudRate              
20002dad  sumdata                       
20002db4  timerToNullify                
20002db2  txtimeout                     
20001d03  v                             
20002d58  value                         


GLOBAL SYMBOLS: SORTED BY Symbol Address 

address   name                          
-------   ----                          
00000000  __TI_static_base__            
00000000  g_pfnVectors                  
0000026d  send_rs_485_byte              
00000497  greenFlag                     
000004ad  redFlag                       
000004dd  send_RS_485                   
0000069d  Acknowledgemsg                
000006d1  checksum_check                
0000076d  processmsg                    
000008c1  send_UI_message               
00000919  Uart0_Isr                     
00000971  Uart1_Isr                     
00000a4d  Timer1Isr                     
00000a91  initHw                        
00000bd1  getsUart0                     
00000d09  parseFields                   
00000eeb  isCommand                     
00000fb1  getFieldString                
00000fe1  getFieldInteger               
00001000  __STACK_SIZE                  
0000103b  main                          
0000176d  initUart0                     
000017f5  initUart1                     
00001887  setUart0BaudRate              
000018c7  putcUart0                     
000018e3  putsUart0                     
00001907  getcUart0                     
0000191b  kbhitUart0                    
0000199d  __aeabi_memcpy                
0000199d  __aeabi_memcpy4               
0000199d  __aeabi_memcpy8               
0000199d  memcpy                        
00001a39  __aeabi_memclr                
00001a39  __aeabi_memclr4               
00001a39  __aeabi_memclr8               
00001a3b  __aeabi_memset                
00001a3b  __aeabi_memset4               
00001a3b  __aeabi_memset8               
00001a41  memset                        
00001ab3  __TI_decompress_lzss          
00001b1d  __TI_auto_init_nobinit_nopinit
00001b61  _c_int00_noargs               
00001b95  initSystemClockTo40Mhz        
00001ba5  __TI_decompress_none          
00001bb3  __TI_zero_init                
00001bbf  ResetISR                      
00001bcb  _system_pre_init              
00001bcf  C$$EXIT                       
00001bcf  abort                         
00001c04  __TI_Handler_Table_Base       
00001c10  __TI_Handler_Table_Limit      
00001c18  __TI_CINIT_Base               
00001c28  __TI_CINIT_Limit              
20000000  TX485MESSAGE                  
20000000  __start___llvm_prf_cnts       
20000000  __stop___llvm_prf_cnts        
20000000  my_na                         
20001ce4  d                             
20001cfe  ReadIndex                     
20001cff  ackEnabled                    
20001d00  alertEnabled                  
20001d01  csEnabled                     
20001d02  randomEnabled                 
20001d03  v                             
20001d08  __stack                       
20001f08  __STACK_TOP                   
20002d08  __STACK_END                   
20002d08  rxdata                        
20002d58  value                         
20002da8  flagGreen                     
20002daa  message_in_progress           
20002dac  message_phase                 
20002dad  sumdata                       
20002dae  rxphase                       
20002daf  SRC_ADD                       
20002db0  check_temp                    
20002db1  number                        
20002db2  txtimeout                     
20002db4  timerToNullify                
20002db6  address                       
20002db7  WriteIndex                    
ffffffff  __TI_pprof_out_hndl           
ffffffff  __TI_prof_data_size           
ffffffff  __TI_prof_data_start          
ffffffff  __binit__                     
ffffffff  __c_args__                    
ffffffff  binit                         
UNDEFED   __mpu_init                    
UNDEFED   _system_post_cinit            

[89 symbols]
